[mrredaelfarouk.com/index.html]
[backblue.gif]
[fade.gif]
[index.html]
[mrredaelfarouk.com/dashboard/assets/images/favicon1.ico]
[mrredaelfarouk.com/frontend/css/bootstrap.min.css]
[mrredaelfarouk.com/frontend/css/all.min.css]
[mrredaelfarouk.com/frontend/css/fontawesome.min.css]
[mrredaelfarouk.com/frontend/css/owl.carousel.min.css]
[mrredaelfarouk.com/frontend/css/owl.theme.default.min.css]
[mrredaelfarouk.com/frontend/css/sidebar.css]
[mrredaelfarouk.com/frontend/css/mainstyle.css]
[mrredaelfarouk.com/frontend/css/rtl.css]
[mrredaelfarouk.com/login.html]
[mrredaelfarouk.com/frontend/images/thumbnail.png]
[mrredaelfarouk.com/storage/uploads/sliders/1663141571_JY6UOB.jpg]
[mrredaelfarouk.com/storage/uploads/lectures/1669107602_12LDLm.png]
[mrredaelfarouk.com/storage/uploads/lectures/1668505237_CXAJoF.png]
[mrredaelfarouk.com/storage/uploads/website/1657818271_W2wOoN.png]
[mrredaelfarouk.com/storage/uploads/lectures/1667664275_hxev9q.png]
[mrredaelfarouk.com/frontend/images/thumbnail-1.png]
[mrredaelfarouk.com/frontend/js/jquery-3.6.0.min.js]
[mrredaelfarouk.com/frontend/js/owl.carousel.min.js]
[mrredaelfarouk.com/frontend/js/popper.min.js]
[mrredaelfarouk.com/frontend/js/bootstrap-5.min.js]
[mrredaelfarouk.com/frontend/js/main.js]
[mrredaelfarouk.com/frontend/js/main-2.js]
[mrredaelfarouk.com/index.html]
[mrredaelfarouk.com/frontend/css/bootstrap.min.css]
[mrredaelfarouk.com/cdn-cgi/challenge-platform/h/b/scripts/alpha/invisible5615.js]
[mrredaelfarouk.com/frontend/webfonts/fa-brands-400.woff2]
[mrredaelfarouk.com/frontend/webfonts/fa-brands-400.ttf]
[mrredaelfarouk.com/frontend/webfonts/fa-regular-400.woff2]
[mrredaelfarouk.com/frontend/webfonts/fa-regular-400.ttf]
[mrredaelfarouk.com/frontend/webfonts/fa-solid-900.woff2]
[mrredaelfarouk.com/frontend/webfonts/fa-solid-900.ttf]
[mrredaelfarouk.com/frontend/webfonts/fa-v4compatibility.woff2]
[mrredaelfarouk.com/frontend/webfonts/fa-v4compatibility.ttf]
[mrredaelfarouk.com/frontend/css/all.min.css]
[mrredaelfarouk.com/frontend/css/fontawesome.min.css]
[mrredaelfarouk.com/frontend/css/owl.video.play.png]
[mrredaelfarouk.com/frontend/css/owl.carousel.min.css]
[mrredaelfarouk.com/frontend/css/owl.theme.default.min.css]
[mrredaelfarouk.com/frontend/css/sidebar.css]
[mrredaelfarouk.com/frontend/fonts/Nunito-Black.ttf]
[mrredaelfarouk.com/frontend/fonts/Nunito-Bold.ttf]
[mrredaelfarouk.com/frontend/fonts/Nunito-ExtraBold.ttf]
[mrredaelfarouk.com/frontend/fonts/Nunito-ExtraLight.ttf]
[mrredaelfarouk.com/frontend/fonts/Nunito-Light.ttf]
[mrredaelfarouk.com/frontend/fonts/Nunito-Medium.ttf]
[mrredaelfarouk.com/frontend/fonts/Nunito-Regular.ttf]
[mrredaelfarouk.com/frontend/fonts/Nunito-SemiBold.ttf]
[mrredaelfarouk.com/frontend/css/mainstyle.css]
[mrredaelfarouk.com/frontend/css/rtl.css]
[mrredaelfarouk.com/register.html]
[mrredaelfarouk.com/frontend/images/1629820029_fLIcpK.jpg]
[mrredaelfarouk.com/login.html]
[mrredaelfarouk.com/frontend/css/owl.video.play.html]
[mrredaelfarouk.com/password/reset.html]
[mrredaelfarouk.com/frontend/vendor/intl-tel-input/css/intlTelInput.css]
[www.google.com/recaptcha/apid41d.js]
[mrredaelfarouk.com/register.html]
[mrredaelfarouk.com/frontend/vendor/intl-tel-input/js/intlTelInput.js]
[mrredaelfarouk.com/password/reset.html]
[mrredaelfarouk.com/frontend/images/3053909.png]
[mrredaelfarouk.com/frontend/vendor/intl-tel-input/img/flags.png]
[mrredaelfarouk.com/frontend/vendor/intl-tel-input/css/intlTelInput.css]
[mrredaelfarouk.com/frontend/vendor/intl-tel-input/img/flags@2x.png]
